// Jest Snapshot v1, https://goo.gl/fbAQLP

exports[`renders with selected hero 1`] = `
<div
  className="MuiPaper-root MuiCard-root MuiPaper-elevation1 MuiPaper-rounded"
>
  <div
    className="sc-eCApnc cXfJFo"
  >
    <div
      className="MuiCardHeader-root"
    >
      <div
        className="MuiCardHeader-content"
      />
    </div>
    <button
      className="MuiButtonBase-root MuiIconButton-root"
      disabled={false}
      onBlur={[Function]}
      onDragLeave={[Function]}
      onFocus={[Function]}
      onKeyDown={[Function]}
      onKeyUp={[Function]}
      onMouseDown={[Function]}
      onMouseLeave={[Function]}
      onMouseUp={[Function]}
      onTouchEnd={[Function]}
      onTouchMove={[Function]}
      onTouchStart={[Function]}
      tabIndex={0}
      type="button"
    >
      <span
        className="MuiIconButton-label"
      >
        <svg
          aria-hidden={true}
          className="MuiSvgIcon-root"
          focusable="false"
          viewBox="0 0 24 24"
        >
          <path
            d="M19 6.41L17.59 5 12 10.59 6.41 5 5 6.41 10.59 12 5 17.59 6.41 19 12 13.41 17.59 19 19 17.59 13.41 12z"
          />
        </svg>
      </span>
    </button>
  </div>
  <div
    className="sc-gtsrHT gzzItF"
  >
    <div
      className="MuiCardMedia-root sc-dlnjwi fAivH"
      style={
        Object {
          "backgroundImage": "url(\\"none\\")",
        }
      }
    />
    <div
      className="sc-hKFxyN gFOcZr"
    >
      <ul
        className="MuiList-root MuiList-padding"
      >
        <div
          className="MuiListItemText-root"
        >
          <span
            className="MuiTypography-root MuiListItemText-primary MuiTypography-body1 MuiTypography-displayBlock"
          >
            <span
              className="MuiTypography-root sc-jSFjdj ezAAwN"
            >
              Full name
              :
               
            </span>
          </span>
        </div>
        <div
          className="MuiListItemText-root"
        >
          <span
            className="MuiTypography-root MuiListItemText-primary MuiTypography-body1 MuiTypography-displayBlock"
          >
            <span
              className="MuiTypography-root sc-jSFjdj ezAAwN"
            >
              Alter egos
              :
               
            </span>
          </span>
        </div>
        <div
          className="MuiListItemText-root"
        >
          <span
            className="MuiTypography-root MuiListItemText-primary MuiTypography-body1 MuiTypography-displayBlock"
          >
            <span
              className="MuiTypography-root sc-jSFjdj ezAAwN"
            >
              Aliases
              :
               
            </span>
            none
          </span>
        </div>
        <div
          className="MuiListItemText-root"
        >
          <span
            className="MuiTypography-root MuiListItemText-primary MuiTypography-body1 MuiTypography-displayBlock"
          >
            <span
              className="MuiTypography-root sc-jSFjdj ezAAwN"
            >
              Place of birth
              :
               
            </span>
          </span>
        </div>
        <div
          className="MuiListItemText-root"
        >
          <span
            className="MuiTypography-root MuiListItemText-primary MuiTypography-body1 MuiTypography-displayBlock"
          >
            <span
              className="MuiTypography-root sc-jSFjdj ezAAwN"
            >
              First appearance
              :
               
            </span>
          </span>
        </div>
        <div
          className="MuiListItemText-root"
        >
          <span
            className="MuiTypography-root MuiListItemText-primary MuiTypography-body1 MuiTypography-displayBlock"
          >
            <span
              className="MuiTypography-root sc-jSFjdj ezAAwN"
            >
              Publisher
              :
               
            </span>
          </span>
        </div>
        <div
          className="MuiListItemText-root"
        >
          <span
            className="MuiTypography-root MuiListItemText-primary MuiTypography-body1 MuiTypography-displayBlock"
          >
            <span
              className="MuiTypography-root sc-jSFjdj ezAAwN"
            >
              Alignment
              :
               
            </span>
          </span>
        </div>
      </ul>
      <hr
        className="MuiDivider-root"
      />
      <ul
        className="MuiList-root MuiList-padding"
      >
        <div
          className="MuiListItemText-root"
        >
          <span
            className="MuiTypography-root MuiListItemText-primary MuiTypography-body1 MuiTypography-displayBlock"
          >
            <span
              className="MuiTypography-root sc-jSFjdj ezAAwN"
            >
              Intelligence
              : 
            </span>
            none
          </span>
        </div>
        <div
          className="MuiListItemText-root"
        >
          <span
            className="MuiTypography-root MuiListItemText-primary MuiTypography-body1 MuiTypography-displayBlock"
          >
            <span
              className="MuiTypography-root sc-jSFjdj ezAAwN"
            >
              Strength
              : 
            </span>
          </span>
        </div>
        <div
          className="MuiListItemText-root"
        >
          <span
            className="MuiTypography-root MuiListItemText-primary MuiTypography-body1 MuiTypography-displayBlock"
          >
            <span
              className="MuiTypography-root sc-jSFjdj ezAAwN"
            >
              Speed
              : 
            </span>
          </span>
        </div>
        <div
          className="MuiListItemText-root"
        >
          <span
            className="MuiTypography-root MuiListItemText-primary MuiTypography-body1 MuiTypography-displayBlock"
          >
            <span
              className="MuiTypography-root sc-jSFjdj ezAAwN"
            >
              Durability
              : 
            </span>
          </span>
        </div>
        <div
          className="MuiListItemText-root"
        >
          <span
            className="MuiTypography-root MuiListItemText-primary MuiTypography-body1 MuiTypography-displayBlock"
          >
            <span
              className="MuiTypography-root sc-jSFjdj ezAAwN"
            >
              Power
              : 
            </span>
          </span>
        </div>
        <div
          className="MuiListItemText-root"
        >
          <span
            className="MuiTypography-root MuiListItemText-primary MuiTypography-body1 MuiTypography-displayBlock"
          >
            <span
              className="MuiTypography-root sc-jSFjdj ezAAwN"
            >
              Combat
              : 
            </span>
          </span>
        </div>
      </ul>
    </div>
  </div>
</div>
`;
